[    1587ms] [INFO] %cDownload the React DevTools for a better development experience: https://react.dev/link/react-devtools font-weight:bold @ webpack-internal:///(app-pages-browser)/./node_modules/next/dist/compiled/react-dom/cjs/react-dom-client.development.js:25630
[    1693ms] [ERROR] Failed to load resource: the server responded with a status of 404 (Not Found) @ http://localhost:3002/favicon.ico:0
[    1935ms] [LOG] [Fast Refresh] rebuilding @ webpack-internal:///(app-pages-browser)/./node_modules/next/dist/client/dev/hot-reloader/app/hot-reloader-app.js:196
[    2094ms] [LOG] [Fast Refresh] done in 159ms @ webpack-internal:///(app-pages-browser)/./node_modules/next/dist/client/dev/report-hmr-latency.js:13
[    2103ms] [LOG] [Fast Refresh] rebuilding @ webpack-internal:///(app-pages-browser)/./node_modules/next/dist/client/dev/hot-reloader/app/hot-reloader-app.js:196
[    2242ms] [LOG] [Fast Refresh] done in 139ms @ webpack-internal:///(app-pages-browser)/./node_modules/next/dist/client/dev/report-hmr-latency.js:13
[   17852ms] [LOG] [Fast Refresh] rebuilding @ webpack-internal:///(app-pages-browser)/./node_modules/next/dist/client/dev/hot-reloader/app/hot-reloader-app.js:196
[   17989ms] [LOG] [Fast Refresh] done in 137ms @ webpack-internal:///(app-pages-browser)/./node_modules/next/dist/client/dev/report-hmr-latency.js:13
[   18086ms] [ERROR] Failed to load resource: the server responded with a status of 400 (Bad Request) @ http://localhost:3002/api/dummy-orders:0
[  322510ms] [LOG] [Fast Refresh] rebuilding @ webpack-internal:///(app-pages-browser)/./node_modules/next/dist/client/dev/hot-reloader/app/hot-reloader-app.js:196
[  322630ms] [LOG] [Fast Refresh] done in 119ms @ webpack-internal:///(app-pages-browser)/./node_modules/next/dist/client/dev/report-hmr-latency.js:13
[  322833ms] [ERROR] Failed to load resource: the server responded with a status of 400 (Bad Request) @ http://localhost:3002/api/plan:0
[  354060ms] [ERROR] Failed to load resource: the server responded with a status of 400 (Bad Request) @ http://localhost:3002/api/plan:0
[  384347ms] [ERROR] Failed to load resource: the server responded with a status of 400 (Bad Request) @ http://localhost:3002/api/plan:0
[  415414ms] [ERROR] Failed to load resource: the server responded with a status of 400 (Bad Request) @ http://localhost:3002/api/plan:0
[  700170ms] [ERROR] Failed to load resource: the server responded with a status of 400 (Bad Request) @ http://localhost:3002/api/plan:0
[  846219ms] [ERROR] Failed to load resource: the server responded with a status of 400 (Bad Request) @ http://localhost:3002/api/plan:0
[  850096ms] [ERROR] Failed to load resource: the server responded with a status of 400 (Bad Request) @ http://localhost:3002/api/dummy-orders:0
[  854008ms] [ERROR] Failed to load resource: the server responded with a status of 400 (Bad Request) @ http://localhost:3002/api/plan:0
[  855673ms] [ERROR] Failed to load resource: the server responded with a status of 400 (Bad Request) @ http://localhost:3002/api/plan:0
[ 1193830ms] [INFO] %cDownload the React DevTools for a better development experience: https://react.dev/link/react-devtools font-weight:bold @ webpack-internal:///(app-pages-browser)/./node_modules/next/dist/compiled/react-dom/cjs/react-dom-client.development.js:25630
[ 1288032ms] [LOG] [Fast Refresh] rebuilding @ webpack-internal:///(app-pages-browser)/./node_modules/next/dist/client/dev/hot-reloader/app/hot-reloader-app.js:196
[ 1288121ms] [LOG] [Fast Refresh] done in 89ms @ webpack-internal:///(app-pages-browser)/./node_modules/next/dist/client/dev/report-hmr-latency.js:13
